// Jest Snapshot v1, https://goo.gl/fbAQLP

exports[`<App /> should render and match the snapshot 1`] = `
<ConfigProvider
  direction="rtl"
  locale={
    Object {
      "Calendar": Object {
        "lang": Object {
          "backToToday": "بازگشت به روز",
          "clear": "پاک کردن",
          "dateFormat": "M/D/YYYY",
          "dateSelect": "انتخاب تاریخ",
          "dateTimeFormat": "M/D/YYYY HH:mm:ss",
          "dayFormat": "D",
          "decadeSelect": "یک دهه را انتخاب کنید",
          "locale": "fa_IR",
          "month": "ماه",
          "monthBeforeYear": true,
          "monthPlaceholder": "انتخاب ماه",
          "monthSelect": "یک ماه را انتخاب کنید",
          "nextCentury": "قرن بعد",
          "nextDecade": "دهه بعد",
          "nextMonth": "ماه بعد (PageDown)",
          "nextYear": "سال بعد (Control + right)",
          "now": "اکنون",
          "ok": "باشه",
          "placeholder": "انتخاب تاریخ",
          "previousCentury": "قرن قبل",
          "previousDecade": "دهه قبل",
          "previousMonth": "ماه قبل (PageUp)",
          "previousYear": "سال قبل (Control + left)",
          "quarterPlaceholder": "انتخاب فصل",
          "rangeMonthPlaceholder": Array [
            "ماه شروع",
            "ماه پایان",
          ],
          "rangePlaceholder": Array [
            "تاریخ شروع",
            "تاریخ پایان",
          ],
          "rangeWeekPlaceholder": Array [
            "هفته شروع",
            "هفته پایان",
          ],
          "rangeYearPlaceholder": Array [
            "سال شروع",
            "سال پایان",
          ],
          "timeSelect": "انتخاب زمان",
          "today": "امروز",
          "weekPlaceholder": "انتخاب هفته",
          "year": "سال",
          "yearFormat": "YYYY",
          "yearPlaceholder": "انتخاب سال",
          "yearSelect": "یک سال را انتخاب کنید",
        },
        "timePickerLocale": Object {
          "placeholder": "انتخاب زمان",
          "rangePlaceholder": Array [
            "زمان شروع",
            "زمان پایان",
          ],
        },
      },
      "DatePicker": Object {
        "lang": Object {
          "backToToday": "بازگشت به روز",
          "clear": "پاک کردن",
          "dateFormat": "M/D/YYYY",
          "dateSelect": "انتخاب تاریخ",
          "dateTimeFormat": "M/D/YYYY HH:mm:ss",
          "dayFormat": "D",
          "decadeSelect": "یک دهه را انتخاب کنید",
          "locale": "fa_IR",
          "month": "ماه",
          "monthBeforeYear": true,
          "monthPlaceholder": "انتخاب ماه",
          "monthSelect": "یک ماه را انتخاب کنید",
          "nextCentury": "قرن بعد",
          "nextDecade": "دهه بعد",
          "nextMonth": "ماه بعد (PageDown)",
          "nextYear": "سال بعد (Control + right)",
          "now": "اکنون",
          "ok": "باشه",
          "placeholder": "انتخاب تاریخ",
          "previousCentury": "قرن قبل",
          "previousDecade": "دهه قبل",
          "previousMonth": "ماه قبل (PageUp)",
          "previousYear": "سال قبل (Control + left)",
          "quarterPlaceholder": "انتخاب فصل",
          "rangeMonthPlaceholder": Array [
            "ماه شروع",
            "ماه پایان",
          ],
          "rangePlaceholder": Array [
            "تاریخ شروع",
            "تاریخ پایان",
          ],
          "rangeWeekPlaceholder": Array [
            "هفته شروع",
            "هفته پایان",
          ],
          "rangeYearPlaceholder": Array [
            "سال شروع",
            "سال پایان",
          ],
          "timeSelect": "انتخاب زمان",
          "today": "امروز",
          "weekPlaceholder": "انتخاب هفته",
          "year": "سال",
          "yearFormat": "YYYY",
          "yearPlaceholder": "انتخاب سال",
          "yearSelect": "یک سال را انتخاب کنید",
        },
        "timePickerLocale": Object {
          "placeholder": "انتخاب زمان",
          "rangePlaceholder": Array [
            "زمان شروع",
            "زمان پایان",
          ],
        },
      },
      "Empty": Object {
        "description": "داده‌ای موجود نیست",
      },
      "Form": Object {
        "defaultValidateMessages": Object {
          "array": Object {
            "len": "تعداد \${label} باید \${len} باشد.",
            "max": "تعداد \${label} حداکثر باید \${max} باشد",
            "min": "تعداد \${label} حداقل باید \${min} باشد",
            "range": "مقدار \${label} باید بین \${min}-\${max} باشد",
          },
          "date": Object {
            "format": "ساختار تاریخ در \${label} نامعتبر است",
            "invalid": "\${label} تاریخی نا معتبر است",
            "parse": "\${label} قابل تبدیل به تاریخ نیست",
          },
          "default": "خطا در \${label}",
          "enum": "\${label} باید یکی از [\${enum}] باشد",
          "number": Object {
            "len": "\${label} باید برابر \${len}",
            "max": "\${label} حداکثر میتواند \${max} باشد",
            "min": "\${label} حداقل میتواند \${min} باشد",
            "range": "\${label} باید بین \${min}-\${max} باشد",
          },
          "pattern": Object {
            "mismatch": "الگوی \${label} با \${pattern} برابری نمی‌کند",
          },
          "required": "فیلد \${label} اجباریست",
          "string": Object {
            "len": "\${label} باید \${len} کاراکتر باشد",
            "max": "\${label} باید حداکثر \${max} کاراکتر باشد",
            "min": "\${label} باید حداقل \${min} کاراکتر باشد",
            "range": "\${label} باید بین \${min}-\${max} کاراکتر باشد",
          },
          "types": Object {
            "array": "\${label} از نوع \${type} معتبر نیست",
            "boolean": "\${label} از نوع \${type} معتبر نیست",
            "date": "\${label} از نوع \${type} معتبر نیست",
            "email": "\${label} از نوع \${type} معتبر نیست",
            "float": "\${label} از نوع \${type} معتبر نیست",
            "hex": "\${label} از نوع \${type} معتبر نیست",
            "integer": "\${label} از نوع \${type} معتبر نیست",
            "method": "\${label} از نوع \${type} معتبر نیست",
            "number": "\${label} از نوع \${type} معتبر نیست",
            "object": "\${label} از نوع \${type} معتبر نیست",
            "regexp": "\${label} از نوع \${type} معتبر نیست",
            "string": "\${label} از نوع \${type} معتبر نیست",
            "url": "\${label} از نوع \${type} معتبر نیست",
          },
          "whitespace": "\${label} نمیتواند خالی باشد",
        },
        "optional": "(اختیاری)",
      },
      "Icon": Object {
        "icon": "آیکن",
      },
      "Image": Object {
        "preview": "نمایش",
      },
      "Modal": Object {
        "cancelText": "لغو",
        "justOkText": "تایید",
        "okText": "تایید",
      },
      "PageHeader": Object {
        "back": "برگشت",
      },
      "Pagination": Object {
        "items_per_page": "/ صفحه",
        "jump_to": "برو به",
        "jump_to_confirm": "تایید",
        "next_3": "۳ صفحه بعدی",
        "next_5": "۵ صفحه بعدی",
        "next_page": "صفحه بعدی",
        "page": "",
        "page_size": "اندازه صفحه",
        "prev_3": "۳ صفحه قبلی",
        "prev_5": "۵ صفحه قبلی",
        "prev_page": "صفحه قبلی",
      },
      "Popconfirm": Object {
        "cancelText": "لغو",
        "okText": "تایید",
      },
      "Table": Object {
        "cancelSort": "لغوِ ترتیبِ داده شده",
        "collapse": "بستن ردیف",
        "emptyText": "بدون داده",
        "expand": "باز شدن ردیف",
        "filterConfirm": "تایید",
        "filterEmptyText": "بدون فیلتر",
        "filterReset": "پاک کردن",
        "filterTitle": "منوی فیلتر",
        "selectAll": "انتخاب صفحه‌ی کنونی",
        "selectInvert": "معکوس کردن انتخاب‌ها در صفحه ی کنونی",
        "selectNone": "انتخاب هیچکدام",
        "selectionAll": "انتخاب همه داده‌ها",
        "sortTitle": "مرتب سازی",
        "triggerAsc": "ترتیب صعودی",
        "triggerDesc": "ترتیب نزولی",
      },
      "Text": Object {
        "copied": "کپی شد",
        "copy": "کپی",
        "edit": "ویرایش",
        "expand": "توسعه",
      },
      "TimePicker": Object {
        "placeholder": "انتخاب زمان",
        "rangePlaceholder": Array [
          "زمان شروع",
          "زمان پایان",
        ],
      },
      "Transfer": Object {
        "itemUnit": "عدد",
        "itemsUnit": "عدد",
        "remove": "حذف",
        "removeAll": "پاک کردن همه انتخاب‌ها",
        "removeCurrent": "پاک کردن انتخاب‌های صفحه فعلی",
        "searchPlaceholder": "جستجو",
        "selectAll": "انتخاب همه",
        "selectCurrent": "انتخاب صفحه فعلی",
        "selectInvert": "معکوس کردن انتخاب‌ها در صفحه ی کنونی",
        "titles": Array [
          "",
          "",
        ],
      },
      "Upload": Object {
        "downloadFile": "دریافت فایل",
        "previewFile": "مشاهده‌ی فایل",
        "removeFile": "حذف فایل",
        "uploadError": "خطا در آپلود",
        "uploading": "در حال آپلود...",
      },
      "global": Object {
        "placeholder": "لطفاً انتخاب کنید",
      },
      "locale": "fa",
    }
  }
  virtual={true}
>
  <Col
    flex="1 1 300px"
  >
    <AppRouter />
  </Col>
</ConfigProvider>
`;
